2025-04-22 12:25:31-706 [main] INFO  o.s.t.c.s.AnnotationConfigContextLoaderUtils - Could not detect default configuration classes for test class [com.bootcamp.service.finance.expose.ServiceFinanceDelegateImplTest]: ServiceFinanceDelegateImplTest does not declare any static, non-private, non-final, nested classes annotated with @Configuration. 
2025-04-22 12:25:32-002 [main] INFO  o.s.b.t.c.SpringBootTestContextBootstrapper - Found @SpringBootConfiguration com.bootcamp.service.finance.ServiceFinanceApplication for test class com.bootcamp.service.finance.expose.ServiceFinanceDelegateImplTest 
2025-04-22 12:25:35-119 [main] INFO  c.b.s.f.e.ServiceFinanceDelegateImplTest - Starting ServiceFinanceDelegateImplTest using Java 17.0.12 with PID 17196 (started by mgarcsar in C:\Users\mgarcsar\Documents\Bootcamp\etregables\Bank\service-finance) 
2025-04-22 12:25:35-121 [main] INFO  c.b.s.f.e.ServiceFinanceDelegateImplTest - The following 1 profile is active: "local" 
2025-04-22 12:25:35-246 [main] INFO  o.s.c.c.c.ConfigServerConfigDataLoader - Fetching config from server at : http://config-server-bc:8888 
2025-04-22 12:25:35-247 [main] INFO  o.s.c.c.c.ConfigServerConfigDataLoader - Exception on Url - http://config-server-bc:8888:org.springframework.web.client.ResourceAccessException: I/O error on GET request for "http://config-server-bc:8888/service-finance/default": config-server-bc. Will be trying the next url if available 
2025-04-22 12:25:35-247 [main] WARN  o.s.c.c.c.ConfigServerConfigDataLoader - Could not locate PropertySource ([ConfigServerConfigDataResource@2e20c20b uris = array<String>['http://config-server-bc:8888'], optional = true, profiles = 'default']): I/O error on GET request for "http://config-server-bc:8888/service-finance/default": config-server-bc 
2025-04-22 12:25:35-247 [main] INFO  o.s.c.c.c.ConfigServerConfigDataLoader - Fetching config from server at : http://config-server-bc:8888 
2025-04-22 12:25:35-247 [main] INFO  o.s.c.c.c.ConfigServerConfigDataLoader - Exception on Url - http://config-server-bc:8888:org.springframework.web.client.ResourceAccessException: I/O error on GET request for "http://config-server-bc:8888/service-finance/local": config-server-bc. Will be trying the next url if available 
2025-04-22 12:25:35-248 [main] WARN  o.s.c.c.c.ConfigServerConfigDataLoader - Could not locate PropertySource ([ConfigServerConfigDataResource@75ac326f uris = array<String>['http://config-server-bc:8888'], optional = true, profiles = 'local']): I/O error on GET request for "http://config-server-bc:8888/service-finance/local": config-server-bc 
2025-04-22 12:25:35-248 [main] INFO  o.s.c.c.c.ConfigServerConfigDataLoader - Fetching config from server at : http://config-server-bc:8888 
2025-04-22 12:25:35-248 [main] INFO  o.s.c.c.c.ConfigServerConfigDataLoader - Exception on Url - http://config-server-bc:8888:org.springframework.web.client.ResourceAccessException: I/O error on GET request for "http://config-server-bc:8888/service-finance/default": config-server-bc. Will be trying the next url if available 
2025-04-22 12:25:35-248 [main] WARN  o.s.c.c.c.ConfigServerConfigDataLoader - Could not locate PropertySource ([ConfigServerConfigDataResource@736f8837 uris = array<String>['http://config-server-bc:8888'], optional = true, profiles = 'default']): I/O error on GET request for "http://config-server-bc:8888/service-finance/default": config-server-bc 
2025-04-22 12:25:38-867 [main] INFO  o.s.d.r.c.RepositoryConfigurationDelegate - Bootstrapping Spring Data Reactive MongoDB repositories in DEFAULT mode. 
2025-04-22 12:25:39-084 [main] INFO  o.s.d.r.c.RepositoryConfigurationDelegate - Finished Spring Data repository scanning in 206 ms. Found 2 Reactive MongoDB repository interfaces. 
2025-04-22 12:25:39-341 [main] INFO  o.s.cloud.context.scope.GenericScope - BeanFactory id=f620403f-2294-39a6-85d6-f48ad3d71e16 
2025-04-22 12:25:40-404 [main] INFO  org.mongodb.driver.client - MongoClient with metadata {"driver": {"name": "mongo-java-driver|reactive-streams|spring-boot", "version": "5.2.1"}, "os": {"type": "Windows", "name": "Windows 10", "architecture": "amd64", "version": "10.0"}, "platform": "Java/Oracle Corporation/17.0.12+8-LTS-286"} created with settings MongoClientSettings{readPreference=primary, writeConcern=WriteConcern{w=null, wTimeout=null ms, journal=null}, retryWrites=true, retryReads=true, readConcern=ReadConcern{level=null}, credential=null, transportSettings=NettyTransportSettings{eventLoopGroup=io.netty.channel.nio.NioEventLoopGroup@1a2f6bef, socketChannelClass=null, allocator=null, sslContext=null}, commandListeners=[io.micrometer.core.instrument.binder.mongodb.MongoMetricsCommandListener@1140585], codecRegistry=ProvidersCodecRegistry{codecProviders=[ValueCodecProvider{}, BsonValueCodecProvider{}, DBRefCodecProvider{}, DBObjectCodecProvider{}, DocumentCodecProvider{}, CollectionCodecProvider{}, IterableCodecProvider{}, MapCodecProvider{}, GeoJsonCodecProvider{}, GridFSFileCodecProvider{}, Jsr310CodecProvider{}, JsonObjectCodecProvider{}, BsonCodecProvider{}, EnumCodecProvider{}, com.mongodb.client.model.mql.ExpressionCodecProvider@5233d3e0, com.mongodb.Jep395RecordCodecProvider@4fc23215, com.mongodb.KotlinCodecProvider@2ed34811]}, loggerSettings=LoggerSettings{maxDocumentLength=1000}, clusterSettings={hosts=[localhost:27017], srvServiceName=mongodb, mode=SINGLE, requiredClusterType=UNKNOWN, requiredReplicaSetName='null', serverSelector='null', clusterListeners='[]', serverSelectionTimeout='30000 ms', localThreshold='15 ms'}, socketSettings=SocketSettings{connectTimeoutMS=10000, readTimeoutMS=0, receiveBufferSize=0, proxySettings=ProxySettings{host=null, port=null, username=null, password=null}}, heartbeatSocketSettings=SocketSettings{connectTimeoutMS=10000, readTimeoutMS=10000, receiveBufferSize=0, proxySettings=ProxySettings{host=null, port=null, username=null, password=null}}, connectionPoolSettings=ConnectionPoolSettings{maxSize=100, minSize=0, maxWaitTimeMS=120000, maxConnectionLifeTimeMS=0, maxConnectionIdleTimeMS=0, maintenanceInitialDelayMS=0, maintenanceFrequencyMS=60000, connectionPoolListeners=[io.micrometer.core.instrument.binder.mongodb.MongoMetricsConnectionPoolListener@fca4863], maxConnecting=2}, serverSettings=ServerSettings{heartbeatFrequencyMS=10000, minHeartbeatFrequencyMS=500, serverMonitoringMode=AUTO, serverListeners='[]', serverMonitorListeners='[]'}, sslSettings=SslSettings{enabled=false, invalidHostNameAllowed=false, context=null}, applicationName='null', compressorList=[], uuidRepresentation=JAVA_LEGACY, serverApi=null, autoEncryptionSettings=null, dnsClient=null, inetAddressResolver=null, contextProvider=null, timeoutMS=null} 
2025-04-22 12:25:40-686 [cluster-ClusterId{value='6807d1142ddd3d07d1b05903', description='null'}-localhost:27017] INFO  org.mongodb.driver.cluster - Monitor thread successfully connected to server with description ServerDescription{address=localhost:27017, type=STANDALONE, cryptd=false, state=CONNECTED, ok=true, minWireVersion=0, maxWireVersion=25, maxDocumentSize=16777216, logicalSessionTimeoutMinutes=30, roundTripTimeNanos=134612500, minRoundTripTimeNanos=0} 
2025-04-22 12:25:42-018 [main] INFO  o.s.v.b.OptionalValidatorFactoryBean - Failed to set up a Bean Validation provider: jakarta.validation.NoProviderFoundException: Unable to create a Configuration, because no Jakarta Bean Validation provider could be found. Add a provider like Hibernate Validator (RI) to your classpath. 
2025-04-22 12:25:42-550 [main] INFO  o.s.b.a.e.web.EndpointLinksResolver - Exposing 2 endpoints beneath base path '/actuator' 
2025-04-22 12:25:43-423 [main] INFO  o.s.c.n.e.c.DiscoveryClientOptionalArgsConfiguration - Eureka HTTP Client uses RestTemplate. 
2025-04-22 12:25:43-573 [main] WARN  o.s.c.l.c.LoadBalancerCacheAutoConfiguration$LoadBalancerCaffeineWarnLogger - Spring Cloud LoadBalancer is currently working with the default cache. While this cache implementation is useful for development and tests, it's recommended to use Caffeine cache in production.You can switch to using Caffeine cache, by adding it and org.springframework.cache.caffeine.CaffeineCacheManager to the classpath. 
2025-04-22 12:25:43-691 [main] INFO  o.s.c.n.eureka.InstanceInfoFactory - Setting initial instance status as: STARTING 
2025-04-22 12:25:43-754 [main] INFO  c.netflix.discovery.DiscoveryClient - Initializing Eureka in region us-east-1 
2025-04-22 12:25:43-767 [main] INFO  c.n.d.s.r.aws.ConfigClusterResolver - Resolving eureka endpoints via configuration 
2025-04-22 12:25:43-785 [main] INFO  c.netflix.discovery.DiscoveryClient - Disable delta property : false 
2025-04-22 12:25:43-785 [main] INFO  c.netflix.discovery.DiscoveryClient - Single vip registry refresh property : null 
2025-04-22 12:25:43-786 [main] INFO  c.netflix.discovery.DiscoveryClient - Force full registry fetch : false 
2025-04-22 12:25:43-786 [main] INFO  c.netflix.discovery.DiscoveryClient - Application is null : false 
2025-04-22 12:25:43-786 [main] INFO  c.netflix.discovery.DiscoveryClient - Registered Applications size is zero : true 
2025-04-22 12:25:43-786 [main] INFO  c.netflix.discovery.DiscoveryClient - Application version is -1: true 
2025-04-22 12:25:43-786 [main] INFO  c.netflix.discovery.DiscoveryClient - Getting all instance registry info from the eureka server 
2025-04-22 12:25:44-303 [main] INFO  c.netflix.discovery.DiscoveryClient - The response status is 200 
2025-04-22 12:25:44-306 [main] INFO  c.netflix.discovery.DiscoveryClient - Starting heartbeat executor: renew interval is: 30 
2025-04-22 12:25:44-310 [main] INFO  c.n.discovery.InstanceInfoReplicator - InstanceInfoReplicator onDemand update allowed rate per min is 4 
2025-04-22 12:25:44-316 [main] INFO  c.netflix.discovery.DiscoveryClient - Discovery Client initialized at timestamp 1745342744315 with initial instances count: 6 
2025-04-22 12:25:44-323 [main] INFO  o.s.c.n.e.s.EurekaServiceRegistry - Registering application SERVICE-FINANCE with eureka with status UP 
2025-04-22 12:25:44-325 [main] INFO  c.netflix.discovery.DiscoveryClient - Saw local status change event StatusChangeEvent [timestamp=1745342744325, current=UP, previous=STARTING] 
2025-04-22 12:25:44-328 [DiscoveryClient-InstanceInfoReplicator-%d] INFO  c.netflix.discovery.DiscoveryClient - DiscoveryClient_SERVICE-FINANCE/service-finance:8686: registering service... 
2025-04-22 12:25:44-350 [main] INFO  c.b.s.f.e.ServiceFinanceDelegateImplTest - Started ServiceFinanceDelegateImplTest in 11.887 seconds (process running for 14.363) 
2025-04-22 12:25:44-392 [DiscoveryClient-InstanceInfoReplicator-%d] INFO  c.netflix.discovery.DiscoveryClient - DiscoveryClient_SERVICE-FINANCE/service-finance:8686 - registration status: 204 
2025-04-22 12:25:45-513 [main] INFO  c.b.s.f.s.impl.ResumeServiceImpl - Getting all resumes by productId 1231312312312 between 2025-04-17, 2025-04-22 
2025-04-22 12:25:45-581 [main] INFO  c.b.s.f.s.impl.ResumeServiceImpl - Getting resumes for 1231312312312 
2025-04-22 12:25:45-792 [nioEventLoopGroup-2-3] INFO  c.b.s.f.s.impl.ResumeServiceImpl - Getting resumes success for 1231312312312 
2025-04-22 12:25:46-791 [main] INFO  c.b.s.f.s.impl.ResumeServiceImpl - Saving resume MonoJust 
2025-04-22 12:25:46-822 [main] INFO  c.b.s.f.s.impl.ResumeServiceImpl - Saved resume model {"productId":"11111111","customerId":"AAAAAAA","totalAmountInAccount":7000.0,"informDate":[2025,4,22]} 
2025-04-22 12:25:46-839 [main] INFO  c.b.s.f.s.impl.ResumeServiceImpl - Save resume success {"result":"true","productId":"11111111","customerId":"AAAAAAA","totalAmountInAccount":7000.0,"informDate":[2025,4,22]} 
2025-04-22 12:25:46-868 [main] INFO  c.b.s.f.s.impl.ResumeServiceImpl - Saving resume MonoJust 
2025-04-22 12:25:46-872 [main] INFO  c.b.s.f.s.impl.ResumeServiceImpl - Saved resume model {"productId":"11111111","customerId":"AAAAAAA","totalAmountInAccount":7000.0,"informDate":[2025,4,22]} 
2025-04-22 12:25:46-875 [main] INFO  c.b.s.f.s.impl.ResumeServiceImpl - Save resume success {"result":"true","productId":"11111111","customerId":"AAAAAAA","totalAmountInAccount":7000.0,"informDate":[2025,4,22]} 
2025-04-22 12:25:46-895 [main] INFO  o.s.t.c.s.AnnotationConfigContextLoaderUtils - Could not detect default configuration classes for test class [com.bootcamp.service.finance.ServiceFinanceApplicationTests]: ServiceFinanceApplicationTests does not declare any static, non-private, non-final, nested classes annotated with @Configuration. 
2025-04-22 12:25:46-924 [main] INFO  o.s.b.t.c.SpringBootTestContextBootstrapper - Found @SpringBootConfiguration com.bootcamp.service.finance.ServiceFinanceApplication for test class com.bootcamp.service.finance.ServiceFinanceApplicationTests 
2025-04-22 12:25:47-003 [SpringApplicationShutdownHook] INFO  o.s.c.n.e.s.EurekaServiceRegistry - Unregistering application SERVICE-FINANCE with eureka with status DOWN 
2025-04-22 12:25:47-004 [SpringApplicationShutdownHook] INFO  c.netflix.discovery.DiscoveryClient - Saw local status change event StatusChangeEvent [timestamp=1745342747004, current=DOWN, previous=UP] 
2025-04-22 12:25:47-005 [DiscoveryClient-InstanceInfoReplicator-%d] INFO  c.netflix.discovery.DiscoveryClient - DiscoveryClient_SERVICE-FINANCE/service-finance:8686: registering service... 
2025-04-22 12:25:47-020 [DiscoveryClient-InstanceInfoReplicator-%d] INFO  c.netflix.discovery.DiscoveryClient - DiscoveryClient_SERVICE-FINANCE/service-finance:8686 - registration status: 204 
2025-04-22 12:25:49-669 [SpringApplicationShutdownHook] INFO  c.netflix.discovery.DiscoveryClient - Shutting down DiscoveryClient ... 
2025-04-22 12:25:52-685 [SpringApplicationShutdownHook] INFO  c.netflix.discovery.DiscoveryClient - Unregistering ... 
2025-04-22 12:25:52-703 [SpringApplicationShutdownHook] INFO  c.netflix.discovery.DiscoveryClient - DiscoveryClient_SERVICE-FINANCE/service-finance:8686 - deregister  status: 200 
2025-04-22 12:25:52-704 [SpringApplicationShutdownHook] INFO  c.netflix.discovery.DiscoveryClient - Completed shut down of DiscoveryClient 
2025-04-22 12:27:06-314 [main] INFO  o.s.t.c.s.AnnotationConfigContextLoaderUtils - Could not detect default configuration classes for test class [com.bootcamp.service.finance.expose.ServiceFinanceDelegateImplTest]: ServiceFinanceDelegateImplTest does not declare any static, non-private, non-final, nested classes annotated with @Configuration. 
2025-04-22 12:27:06-575 [main] INFO  o.s.b.t.c.SpringBootTestContextBootstrapper - Found @SpringBootConfiguration com.bootcamp.service.finance.ServiceFinanceApplication for test class com.bootcamp.service.finance.expose.ServiceFinanceDelegateImplTest 
2025-04-22 12:27:09-428 [main] INFO  c.b.s.f.e.ServiceFinanceDelegateImplTest - Starting ServiceFinanceDelegateImplTest using Java 17.0.12 with PID 16352 (started by mgarcsar in C:\Users\mgarcsar\Documents\Bootcamp\etregables\Bank\service-finance) 
2025-04-22 12:27:09-429 [main] INFO  c.b.s.f.e.ServiceFinanceDelegateImplTest - The following 1 profile is active: "local" 
2025-04-22 12:27:09-472 [main] INFO  o.s.c.c.c.ConfigServerConfigDataLoader - Fetching config from server at : http://config-server-bc:8888 
2025-04-22 12:27:09-472 [main] INFO  o.s.c.c.c.ConfigServerConfigDataLoader - Exception on Url - http://config-server-bc:8888:org.springframework.web.client.ResourceAccessException: I/O error on GET request for "http://config-server-bc:8888/service-finance/default": config-server-bc. Will be trying the next url if available 
2025-04-22 12:27:09-472 [main] WARN  o.s.c.c.c.ConfigServerConfigDataLoader - Could not locate PropertySource ([ConfigServerConfigDataResource@41289e88 uris = array<String>['http://config-server-bc:8888'], optional = true, profiles = 'default']): I/O error on GET request for "http://config-server-bc:8888/service-finance/default": config-server-bc 
2025-04-22 12:27:09-472 [main] INFO  o.s.c.c.c.ConfigServerConfigDataLoader - Fetching config from server at : http://config-server-bc:8888 
2025-04-22 12:27:09-473 [main] INFO  o.s.c.c.c.ConfigServerConfigDataLoader - Exception on Url - http://config-server-bc:8888:org.springframework.web.client.ResourceAccessException: I/O error on GET request for "http://config-server-bc:8888/service-finance/local": config-server-bc. Will be trying the next url if available 
2025-04-22 12:27:09-473 [main] WARN  o.s.c.c.c.ConfigServerConfigDataLoader - Could not locate PropertySource ([ConfigServerConfigDataResource@7c47b0f8 uris = array<String>['http://config-server-bc:8888'], optional = true, profiles = 'local']): I/O error on GET request for "http://config-server-bc:8888/service-finance/local": config-server-bc 
2025-04-22 12:27:09-473 [main] INFO  o.s.c.c.c.ConfigServerConfigDataLoader - Fetching config from server at : http://config-server-bc:8888 
2025-04-22 12:27:09-473 [main] INFO  o.s.c.c.c.ConfigServerConfigDataLoader - Exception on Url - http://config-server-bc:8888:org.springframework.web.client.ResourceAccessException: I/O error on GET request for "http://config-server-bc:8888/service-finance/default": config-server-bc. Will be trying the next url if available 
2025-04-22 12:27:09-473 [main] WARN  o.s.c.c.c.ConfigServerConfigDataLoader - Could not locate PropertySource ([ConfigServerConfigDataResource@2b561f51 uris = array<String>['http://config-server-bc:8888'], optional = true, profiles = 'default']): I/O error on GET request for "http://config-server-bc:8888/service-finance/default": config-server-bc 
2025-04-22 12:27:10-678 [main] INFO  o.s.d.r.c.RepositoryConfigurationDelegate - Bootstrapping Spring Data Reactive MongoDB repositories in DEFAULT mode. 
2025-04-22 12:27:10-862 [main] INFO  o.s.d.r.c.RepositoryConfigurationDelegate - Finished Spring Data repository scanning in 174 ms. Found 2 Reactive MongoDB repository interfaces. 
2025-04-22 12:27:11-094 [main] INFO  o.s.cloud.context.scope.GenericScope - BeanFactory id=f620403f-2294-39a6-85d6-f48ad3d71e16 
2025-04-22 12:27:11-941 [main] INFO  org.mongodb.driver.client - MongoClient with metadata {"driver": {"name": "mongo-java-driver|reactive-streams|spring-boot", "version": "5.2.1"}, "os": {"type": "Windows", "name": "Windows 10", "architecture": "amd64", "version": "10.0"}, "platform": "Java/Oracle Corporation/17.0.12+8-LTS-286"} created with settings MongoClientSettings{readPreference=primary, writeConcern=WriteConcern{w=null, wTimeout=null ms, journal=null}, retryWrites=true, retryReads=true, readConcern=ReadConcern{level=null}, credential=null, transportSettings=NettyTransportSettings{eventLoopGroup=io.netty.channel.nio.NioEventLoopGroup@30ca87d9, socketChannelClass=null, allocator=null, sslContext=null}, commandListeners=[io.micrometer.core.instrument.binder.mongodb.MongoMetricsCommandListener@10d5e2dc], codecRegistry=ProvidersCodecRegistry{codecProviders=[ValueCodecProvider{}, BsonValueCodecProvider{}, DBRefCodecProvider{}, DBObjectCodecProvider{}, DocumentCodecProvider{}, CollectionCodecProvider{}, IterableCodecProvider{}, MapCodecProvider{}, GeoJsonCodecProvider{}, GridFSFileCodecProvider{}, Jsr310CodecProvider{}, JsonObjectCodecProvider{}, BsonCodecProvider{}, EnumCodecProvider{}, com.mongodb.client.model.mql.ExpressionCodecProvider@266e0341, com.mongodb.Jep395RecordCodecProvider@5398fac2, com.mongodb.KotlinCodecProvider@37884b27]}, loggerSettings=LoggerSettings{maxDocumentLength=1000}, clusterSettings={hosts=[localhost:27017], srvServiceName=mongodb, mode=SINGLE, requiredClusterType=UNKNOWN, requiredReplicaSetName='null', serverSelector='null', clusterListeners='[]', serverSelectionTimeout='30000 ms', localThreshold='15 ms'}, socketSettings=SocketSettings{connectTimeoutMS=10000, readTimeoutMS=0, receiveBufferSize=0, proxySettings=ProxySettings{host=null, port=null, username=null, password=null}}, heartbeatSocketSettings=SocketSettings{connectTimeoutMS=10000, readTimeoutMS=10000, receiveBufferSize=0, proxySettings=ProxySettings{host=null, port=null, username=null, password=null}}, connectionPoolSettings=ConnectionPoolSettings{maxSize=100, minSize=0, maxWaitTimeMS=120000, maxConnectionLifeTimeMS=0, maxConnectionIdleTimeMS=0, maintenanceInitialDelayMS=0, maintenanceFrequencyMS=60000, connectionPoolListeners=[io.micrometer.core.instrument.binder.mongodb.MongoMetricsConnectionPoolListener@8749c08], maxConnecting=2}, serverSettings=ServerSettings{heartbeatFrequencyMS=10000, minHeartbeatFrequencyMS=500, serverMonitoringMode=AUTO, serverListeners='[]', serverMonitorListeners='[]'}, sslSettings=SslSettings{enabled=false, invalidHostNameAllowed=false, context=null}, applicationName='null', compressorList=[], uuidRepresentation=JAVA_LEGACY, serverApi=null, autoEncryptionSettings=null, dnsClient=null, inetAddressResolver=null, contextProvider=null, timeoutMS=null} 
2025-04-22 12:27:12-149 [cluster-ClusterId{value='6807d16fda6c915eccbcc423', description='null'}-localhost:27017] INFO  org.mongodb.driver.cluster - Monitor thread successfully connected to server with description ServerDescription{address=localhost:27017, type=STANDALONE, cryptd=false, state=CONNECTED, ok=true, minWireVersion=0, maxWireVersion=25, maxDocumentSize=16777216, logicalSessionTimeoutMinutes=30, roundTripTimeNanos=93289700, minRoundTripTimeNanos=0} 
2025-04-22 12:27:13-209 [main] INFO  o.s.v.b.OptionalValidatorFactoryBean - Failed to set up a Bean Validation provider: jakarta.validation.NoProviderFoundException: Unable to create a Configuration, because no Jakarta Bean Validation provider could be found. Add a provider like Hibernate Validator (RI) to your classpath. 
2025-04-22 12:27:13-679 [main] INFO  o.s.b.a.e.web.EndpointLinksResolver - Exposing 2 endpoints beneath base path '/actuator' 
2025-04-22 12:27:14-288 [main] INFO  o.s.c.n.e.c.DiscoveryClientOptionalArgsConfiguration - Eureka HTTP Client uses RestTemplate. 
2025-04-22 12:27:14-385 [main] WARN  o.s.c.l.c.LoadBalancerCacheAutoConfiguration$LoadBalancerCaffeineWarnLogger - Spring Cloud LoadBalancer is currently working with the default cache. While this cache implementation is useful for development and tests, it's recommended to use Caffeine cache in production.You can switch to using Caffeine cache, by adding it and org.springframework.cache.caffeine.CaffeineCacheManager to the classpath. 
2025-04-22 12:27:14-455 [main] INFO  o.s.c.n.eureka.InstanceInfoFactory - Setting initial instance status as: STARTING 
2025-04-22 12:27:14-492 [main] INFO  c.netflix.discovery.DiscoveryClient - Initializing Eureka in region us-east-1 
2025-04-22 12:27:14-499 [main] INFO  c.n.d.s.r.aws.ConfigClusterResolver - Resolving eureka endpoints via configuration 
2025-04-22 12:27:14-512 [main] INFO  c.netflix.discovery.DiscoveryClient - Disable delta property : false 
2025-04-22 12:27:14-512 [main] INFO  c.netflix.discovery.DiscoveryClient - Single vip registry refresh property : null 
2025-04-22 12:27:14-512 [main] INFO  c.netflix.discovery.DiscoveryClient - Force full registry fetch : false 
2025-04-22 12:27:14-512 [main] INFO  c.netflix.discovery.DiscoveryClient - Application is null : false 
2025-04-22 12:27:14-512 [main] INFO  c.netflix.discovery.DiscoveryClient - Registered Applications size is zero : true 
2025-04-22 12:27:14-512 [main] INFO  c.netflix.discovery.DiscoveryClient - Application version is -1: true 
2025-04-22 12:27:14-512 [main] INFO  c.netflix.discovery.DiscoveryClient - Getting all instance registry info from the eureka server 
2025-04-22 12:27:14-852 [main] INFO  c.netflix.discovery.DiscoveryClient - The response status is 200 
2025-04-22 12:27:14-855 [main] INFO  c.netflix.discovery.DiscoveryClient - Starting heartbeat executor: renew interval is: 30 
2025-04-22 12:27:14-858 [main] INFO  c.n.discovery.InstanceInfoReplicator - InstanceInfoReplicator onDemand update allowed rate per min is 4 
2025-04-22 12:27:14-860 [main] INFO  c.netflix.discovery.DiscoveryClient - Discovery Client initialized at timestamp 1745342834859 with initial instances count: 6 
2025-04-22 12:27:14-863 [main] INFO  o.s.c.n.e.s.EurekaServiceRegistry - Registering application SERVICE-FINANCE with eureka with status UP 
2025-04-22 12:27:14-864 [main] INFO  c.netflix.discovery.DiscoveryClient - Saw local status change event StatusChangeEvent [timestamp=1745342834864, current=UP, previous=STARTING] 
2025-04-22 12:27:14-866 [DiscoveryClient-InstanceInfoReplicator-%d] INFO  c.netflix.discovery.DiscoveryClient - DiscoveryClient_SERVICE-FINANCE/service-finance:8686: registering service... 
2025-04-22 12:27:14-883 [main] INFO  c.b.s.f.e.ServiceFinanceDelegateImplTest - Started ServiceFinanceDelegateImplTest in 7.853 seconds (process running for 10.228) 
2025-04-22 12:27:14-927 [DiscoveryClient-InstanceInfoReplicator-%d] INFO  c.netflix.discovery.DiscoveryClient - DiscoveryClient_SERVICE-FINANCE/service-finance:8686 - registration status: 204 
2025-04-22 12:27:14-940 [main] INFO  o.s.t.c.s.AnnotationConfigContextLoaderUtils - Could not detect default configuration classes for test class [com.bootcamp.service.finance.ServiceFinanceApplicationTests]: ServiceFinanceApplicationTests does not declare any static, non-private, non-final, nested classes annotated with @Configuration. 
2025-04-22 12:27:14-958 [main] INFO  o.s.b.t.c.SpringBootTestContextBootstrapper - Found @SpringBootConfiguration com.bootcamp.service.finance.ServiceFinanceApplication for test class com.bootcamp.service.finance.ServiceFinanceApplicationTests 
2025-04-22 12:27:15-005 [SpringApplicationShutdownHook] INFO  o.s.c.n.e.s.EurekaServiceRegistry - Unregistering application SERVICE-FINANCE with eureka with status DOWN 
2025-04-22 12:27:15-006 [SpringApplicationShutdownHook] INFO  c.netflix.discovery.DiscoveryClient - Saw local status change event StatusChangeEvent [timestamp=1745342835005, current=DOWN, previous=UP] 
2025-04-22 12:27:15-006 [DiscoveryClient-InstanceInfoReplicator-%d] INFO  c.netflix.discovery.DiscoveryClient - DiscoveryClient_SERVICE-FINANCE/service-finance:8686: registering service... 
2025-04-22 12:27:15-013 [DiscoveryClient-InstanceInfoReplicator-%d] INFO  c.netflix.discovery.DiscoveryClient - DiscoveryClient_SERVICE-FINANCE/service-finance:8686 - registration status: 204 
2025-04-22 12:27:17-390 [SpringApplicationShutdownHook] INFO  c.netflix.discovery.DiscoveryClient - Shutting down DiscoveryClient ... 
2025-04-22 12:27:20-396 [SpringApplicationShutdownHook] INFO  c.netflix.discovery.DiscoveryClient - Unregistering ... 
2025-04-22 12:27:20-417 [SpringApplicationShutdownHook] INFO  c.netflix.discovery.DiscoveryClient - DiscoveryClient_SERVICE-FINANCE/service-finance:8686 - deregister  status: 200 
2025-04-22 12:27:20-417 [SpringApplicationShutdownHook] INFO  c.netflix.discovery.DiscoveryClient - Completed shut down of DiscoveryClient 
