2025-04-17 00:00:06-616 [SpringApplicationShutdownHook] INFO  o.s.c.n.e.s.EurekaServiceRegistry - Unregistering application SERVICE-FINANCE with eureka with status DOWN 
2025-04-17 00:00:06-626 [SpringApplicationShutdownHook] INFO  c.netflix.discovery.DiscoveryClient - Saw local status change event StatusChangeEvent [timestamp=1744866006626, current=DOWN, previous=UP] 
2025-04-17 00:00:06-627 [DiscoveryClient-InstanceInfoReplicator-%d] INFO  c.netflix.discovery.DiscoveryClient - DiscoveryClient_SERVICE-FINANCE/service-finance:8686: registering service... 
2025-04-17 00:00:06-632 [SpringApplicationShutdownHook] INFO  o.s.b.w.e.netty.GracefulShutdown - Commencing graceful shutdown. Waiting for active requests to complete 
2025-04-17 00:00:06-634 [DiscoveryClient-InstanceInfoReplicator-%d] INFO  c.netflix.discovery.DiscoveryClient - DiscoveryClient_SERVICE-FINANCE/service-finance:8686 - registration status: 204 
2025-04-17 00:00:06-637 [netty-shutdown] INFO  o.s.b.w.e.netty.GracefulShutdown - Graceful shutdown complete 
2025-04-17 00:04:33-558 [main] INFO  o.s.t.c.s.AnnotationConfigContextLoaderUtils - Could not detect default configuration classes for test class [com.bootcamp.service.finance.expose.ServiceFinanceDelegateImplTest]: ServiceFinanceDelegateImplTest does not declare any static, non-private, non-final, nested classes annotated with @Configuration. 
2025-04-17 00:04:34-094 [main] INFO  o.s.b.t.c.SpringBootTestContextBootstrapper - Found @SpringBootConfiguration com.bootcamp.service.finance.ServiceFinanceApplication for test class com.bootcamp.service.finance.expose.ServiceFinanceDelegateImplTest 
2025-04-17 00:04:39-309 [main] INFO  c.b.s.f.e.ServiceFinanceDelegateImplTest - Starting ServiceFinanceDelegateImplTest using Java 17.0.12 with PID 36008 (started by mgarcsar in C:\Users\mgarcsar\Documents\Bootcamp\etregables\service-finance) 
2025-04-17 00:04:39-310 [main] INFO  c.b.s.f.e.ServiceFinanceDelegateImplTest - The following 1 profile is active: "local" 
2025-04-17 00:04:39-390 [main] INFO  o.s.c.c.c.ConfigServerConfigDataLoader - Fetching config from server at : http://localhost:8888 
2025-04-17 00:04:39-392 [main] INFO  o.s.c.c.c.ConfigServerConfigDataLoader - Located environment: name=service-finance, profiles=[default], label=null, version=b4ade5f53a672be1cb6f37597b095c5c36269e00, state= 
2025-04-17 00:04:39-392 [main] INFO  o.s.c.c.c.ConfigServerConfigDataLoader - Fetching config from server at : http://localhost:8888 
2025-04-17 00:04:39-392 [main] INFO  o.s.c.c.c.ConfigServerConfigDataLoader - Located environment: name=service-finance, profiles=[local], label=null, version=b4ade5f53a672be1cb6f37597b095c5c36269e00, state= 
2025-04-17 00:04:41-487 [main] INFO  o.s.d.r.c.RepositoryConfigurationDelegate - Bootstrapping Spring Data Reactive MongoDB repositories in DEFAULT mode. 
2025-04-17 00:04:41-799 [main] INFO  o.s.d.r.c.RepositoryConfigurationDelegate - Finished Spring Data repository scanning in 298 ms. Found 1 Reactive MongoDB repository interface. 
2025-04-17 00:04:42-173 [main] INFO  o.s.cloud.context.scope.GenericScope - BeanFactory id=9d08ea38-e954-3802-816c-54e86e93276c 
2025-04-17 00:04:43-669 [main] INFO  org.mongodb.driver.client - MongoClient with metadata {"driver": {"name": "mongo-java-driver|reactive-streams|spring-boot", "version": "5.2.1"}, "os": {"type": "Windows", "name": "Windows 10", "architecture": "amd64", "version": "10.0"}, "platform": "Java/Oracle Corporation/17.0.12+8-LTS-286"} created with settings MongoClientSettings{readPreference=primary, writeConcern=WriteConcern{w=null, wTimeout=null ms, journal=null}, retryWrites=true, retryReads=true, readConcern=ReadConcern{level=null}, credential=null, transportSettings=NettyTransportSettings{eventLoopGroup=io.netty.channel.nio.NioEventLoopGroup@47c5b16b, socketChannelClass=null, allocator=null, sslContext=null}, commandListeners=[io.micrometer.core.instrument.binder.mongodb.MongoMetricsCommandListener@5ad59bed], codecRegistry=ProvidersCodecRegistry{codecProviders=[ValueCodecProvider{}, BsonValueCodecProvider{}, DBRefCodecProvider{}, DBObjectCodecProvider{}, DocumentCodecProvider{}, CollectionCodecProvider{}, IterableCodecProvider{}, MapCodecProvider{}, GeoJsonCodecProvider{}, GridFSFileCodecProvider{}, Jsr310CodecProvider{}, JsonObjectCodecProvider{}, BsonCodecProvider{}, EnumCodecProvider{}, com.mongodb.client.model.mql.ExpressionCodecProvider@51a94f7f, com.mongodb.Jep395RecordCodecProvider@5028cec0, com.mongodb.KotlinCodecProvider@3a8c7347]}, loggerSettings=LoggerSettings{maxDocumentLength=1000}, clusterSettings={hosts=[localhost:27017], srvServiceName=mongodb, mode=SINGLE, requiredClusterType=UNKNOWN, requiredReplicaSetName='null', serverSelector='null', clusterListeners='[]', serverSelectionTimeout='30000 ms', localThreshold='15 ms'}, socketSettings=SocketSettings{connectTimeoutMS=10000, readTimeoutMS=0, receiveBufferSize=0, proxySettings=ProxySettings{host=null, port=null, username=null, password=null}}, heartbeatSocketSettings=SocketSettings{connectTimeoutMS=10000, readTimeoutMS=10000, receiveBufferSize=0, proxySettings=ProxySettings{host=null, port=null, username=null, password=null}}, connectionPoolSettings=ConnectionPoolSettings{maxSize=100, minSize=0, maxWaitTimeMS=120000, maxConnectionLifeTimeMS=0, maxConnectionIdleTimeMS=0, maintenanceInitialDelayMS=0, maintenanceFrequencyMS=60000, connectionPoolListeners=[io.micrometer.core.instrument.binder.mongodb.MongoMetricsConnectionPoolListener@4cf08d08], maxConnecting=2}, serverSettings=ServerSettings{heartbeatFrequencyMS=10000, minHeartbeatFrequencyMS=500, serverMonitoringMode=AUTO, serverListeners='[]', serverMonitorListeners='[]'}, sslSettings=SslSettings{enabled=false, invalidHostNameAllowed=false, context=null}, applicationName='null', compressorList=[], uuidRepresentation=JAVA_LEGACY, serverApi=null, autoEncryptionSettings=null, dnsClient=null, inetAddressResolver=null, contextProvider=null, timeoutMS=null} 
2025-04-17 00:04:44-031 [cluster-ClusterId{value='68008bebdc784b51e27b93a1', description='null'}-localhost:27017] INFO  org.mongodb.driver.cluster - Monitor thread successfully connected to server with description ServerDescription{address=localhost:27017, type=STANDALONE, cryptd=false, state=CONNECTED, ok=true, minWireVersion=0, maxWireVersion=25, maxDocumentSize=16777216, logicalSessionTimeoutMinutes=30, roundTripTimeNanos=155223799, minRoundTripTimeNanos=0} 
2025-04-17 00:04:45-530 [main] INFO  o.s.v.b.OptionalValidatorFactoryBean - Failed to set up a Bean Validation provider: jakarta.validation.NoProviderFoundException: Unable to create a Configuration, because no Jakarta Bean Validation provider could be found. Add a provider like Hibernate Validator (RI) to your classpath. 
2025-04-17 00:04:46-296 [main] INFO  o.s.b.a.e.web.EndpointLinksResolver - Exposing 2 endpoints beneath base path '/actuator' 
2025-04-17 00:04:47-156 [main] INFO  o.s.c.n.e.c.DiscoveryClientOptionalArgsConfiguration - Eureka HTTP Client uses RestTemplate. 
2025-04-17 00:04:47-311 [main] WARN  o.s.c.l.c.LoadBalancerCacheAutoConfiguration$LoadBalancerCaffeineWarnLogger - Spring Cloud LoadBalancer is currently working with the default cache. While this cache implementation is useful for development and tests, it's recommended to use Caffeine cache in production.You can switch to using Caffeine cache, by adding it and org.springframework.cache.caffeine.CaffeineCacheManager to the classpath. 
2025-04-17 00:04:47-439 [main] INFO  o.s.c.n.eureka.InstanceInfoFactory - Setting initial instance status as: STARTING 
2025-04-17 00:04:47-507 [main] INFO  c.netflix.discovery.DiscoveryClient - Initializing Eureka in region us-east-1 
2025-04-17 00:04:47-523 [main] INFO  c.n.d.s.r.aws.ConfigClusterResolver - Resolving eureka endpoints via configuration 
2025-04-17 00:04:47-549 [main] INFO  c.netflix.discovery.DiscoveryClient - Disable delta property : false 
2025-04-17 00:04:47-550 [main] INFO  c.netflix.discovery.DiscoveryClient - Single vip registry refresh property : null 
2025-04-17 00:04:47-550 [main] INFO  c.netflix.discovery.DiscoveryClient - Force full registry fetch : false 
2025-04-17 00:04:47-550 [main] INFO  c.netflix.discovery.DiscoveryClient - Application is null : false 
2025-04-17 00:04:47-550 [main] INFO  c.netflix.discovery.DiscoveryClient - Registered Applications size is zero : true 
2025-04-17 00:04:47-551 [main] INFO  c.netflix.discovery.DiscoveryClient - Application version is -1: true 
2025-04-17 00:04:47-551 [main] INFO  c.netflix.discovery.DiscoveryClient - Getting all instance registry info from the eureka server 
2025-04-17 00:04:48-010 [main] INFO  c.netflix.discovery.DiscoveryClient - The response status is 200 
2025-04-17 00:04:48-015 [main] INFO  c.netflix.discovery.DiscoveryClient - Starting heartbeat executor: renew interval is: 30 
2025-04-17 00:04:48-019 [main] INFO  c.n.discovery.InstanceInfoReplicator - InstanceInfoReplicator onDemand update allowed rate per min is 4 
2025-04-17 00:04:48-022 [main] INFO  c.netflix.discovery.DiscoveryClient - Discovery Client initialized at timestamp 1744866288022 with initial instances count: 2 
2025-04-17 00:04:48-027 [main] INFO  o.s.c.n.e.s.EurekaServiceRegistry - Registering application SERVICE-FINANCE with eureka with status UP 
2025-04-17 00:04:48-028 [main] INFO  c.netflix.discovery.DiscoveryClient - Saw local status change event StatusChangeEvent [timestamp=1744866288028, current=UP, previous=STARTING] 
2025-04-17 00:04:48-034 [DiscoveryClient-InstanceInfoReplicator-%d] INFO  c.netflix.discovery.DiscoveryClient - DiscoveryClient_SERVICE-FINANCE/service-finance:8686: registering service... 
2025-04-17 00:04:48-068 [main] INFO  c.b.s.f.e.ServiceFinanceDelegateImplTest - Started ServiceFinanceDelegateImplTest in 12.689 seconds (process running for 17.478) 
2025-04-17 00:04:48-133 [DiscoveryClient-InstanceInfoReplicator-%d] INFO  c.netflix.discovery.DiscoveryClient - DiscoveryClient_SERVICE-FINANCE/service-finance:8686 - registration status: 204 
2025-04-17 00:04:50-558 [main] INFO  c.b.s.f.s.impl.ResumeServiceImpl - Saving resume MonoJust 
2025-04-17 00:04:50-593 [main] INFO  c.b.s.f.s.impl.ResumeServiceImpl - Saved resume model {"productId":"11111111","customerId":"AAAAAAA","totalAmountInAccount":7000.0,"informDate":[2025,4,17]} 
2025-04-17 00:04:50-615 [main] INFO  c.b.s.f.s.impl.ResumeServiceImpl - Save resume success {"productId":"11111111","customerId":"AAAAAAA","totalAmountInAccount":7000.0,"informDate":[2025,4,17]} 
2025-04-17 00:04:50-645 [main] INFO  c.b.s.f.s.impl.ResumeServiceImpl - Saving resume MonoJust 
2025-04-17 00:04:50-650 [main] INFO  c.b.s.f.s.impl.ResumeServiceImpl - Saved resume model {"productId":"11111111","customerId":"AAAAAAA","totalAmountInAccount":7000.0,"informDate":[2025,4,17]} 
2025-04-17 00:04:50-657 [main] INFO  c.b.s.f.s.impl.ResumeServiceImpl - Save resume success {"productId":"11111111","customerId":"AAAAAAA","totalAmountInAccount":7000.0,"informDate":[2025,4,17]} 
2025-04-17 00:04:50-691 [main] INFO  o.s.t.c.s.AnnotationConfigContextLoaderUtils - Could not detect default configuration classes for test class [com.bootcamp.service.finance.ServiceFinanceApplicationTests]: ServiceFinanceApplicationTests does not declare any static, non-private, non-final, nested classes annotated with @Configuration. 
2025-04-17 00:04:50-765 [main] INFO  o.s.b.t.c.SpringBootTestContextBootstrapper - Found @SpringBootConfiguration com.bootcamp.service.finance.ServiceFinanceApplication for test class com.bootcamp.service.finance.ServiceFinanceApplicationTests 
2025-04-17 00:04:50-923 [SpringApplicationShutdownHook] INFO  o.s.c.n.e.s.EurekaServiceRegistry - Unregistering application SERVICE-FINANCE with eureka with status DOWN 
2025-04-17 00:04:50-924 [SpringApplicationShutdownHook] INFO  c.netflix.discovery.DiscoveryClient - Saw local status change event StatusChangeEvent [timestamp=1744866290924, current=DOWN, previous=UP] 
2025-04-17 00:04:50-925 [DiscoveryClient-InstanceInfoReplicator-%d] INFO  c.netflix.discovery.DiscoveryClient - DiscoveryClient_SERVICE-FINANCE/service-finance:8686: registering service... 
2025-04-17 00:04:50-941 [DiscoveryClient-InstanceInfoReplicator-%d] INFO  c.netflix.discovery.DiscoveryClient - DiscoveryClient_SERVICE-FINANCE/service-finance:8686 - registration status: 204 
2025-04-17 00:04:53-719 [SpringApplicationShutdownHook] INFO  c.netflix.discovery.DiscoveryClient - Shutting down DiscoveryClient ... 
2025-04-17 00:04:56-733 [SpringApplicationShutdownHook] INFO  c.netflix.discovery.DiscoveryClient - Unregistering ... 
2025-04-17 00:04:56-760 [SpringApplicationShutdownHook] INFO  c.netflix.discovery.DiscoveryClient - DiscoveryClient_SERVICE-FINANCE/service-finance:8686 - deregister  status: 200 
2025-04-17 00:04:56-761 [SpringApplicationShutdownHook] INFO  c.netflix.discovery.DiscoveryClient - Completed shut down of DiscoveryClient 
2025-04-17 00:17:09-724 [main] INFO  o.s.t.c.s.AnnotationConfigContextLoaderUtils - Could not detect default configuration classes for test class [com.bootcamp.service.finance.expose.ServiceFinanceDelegateImplTest]: ServiceFinanceDelegateImplTest does not declare any static, non-private, non-final, nested classes annotated with @Configuration. 
2025-04-17 00:17:10-560 [main] INFO  o.s.b.t.c.SpringBootTestContextBootstrapper - Found @SpringBootConfiguration com.bootcamp.service.finance.ServiceFinanceApplication for test class com.bootcamp.service.finance.expose.ServiceFinanceDelegateImplTest 
2025-04-17 00:17:19-692 [main] INFO  c.b.s.f.e.ServiceFinanceDelegateImplTest - Starting ServiceFinanceDelegateImplTest using Java 17.0.12 with PID 30172 (started by mgarcsar in C:\Users\mgarcsar\Documents\Bootcamp\etregables\service-finance) 
2025-04-17 00:17:19-694 [main] INFO  c.b.s.f.e.ServiceFinanceDelegateImplTest - The following 1 profile is active: "local" 
2025-04-17 00:17:19-746 [main] INFO  o.s.c.c.c.ConfigServerConfigDataLoader - Fetching config from server at : http://localhost:8888 
2025-04-17 00:17:19-747 [main] INFO  o.s.c.c.c.ConfigServerConfigDataLoader - Located environment: name=service-finance, profiles=[default], label=null, version=b4ade5f53a672be1cb6f37597b095c5c36269e00, state= 
2025-04-17 00:17:19-748 [main] INFO  o.s.c.c.c.ConfigServerConfigDataLoader - Fetching config from server at : http://localhost:8888 
2025-04-17 00:17:19-748 [main] INFO  o.s.c.c.c.ConfigServerConfigDataLoader - Located environment: name=service-finance, profiles=[local], label=null, version=b4ade5f53a672be1cb6f37597b095c5c36269e00, state= 
2025-04-17 00:17:21-728 [main] INFO  o.s.d.r.c.RepositoryConfigurationDelegate - Bootstrapping Spring Data Reactive MongoDB repositories in DEFAULT mode. 
2025-04-17 00:17:22-038 [main] INFO  o.s.d.r.c.RepositoryConfigurationDelegate - Finished Spring Data repository scanning in 294 ms. Found 1 Reactive MongoDB repository interface. 
2025-04-17 00:17:22-372 [main] INFO  o.s.cloud.context.scope.GenericScope - BeanFactory id=9d08ea38-e954-3802-816c-54e86e93276c 
2025-04-17 00:17:23-736 [main] INFO  org.mongodb.driver.client - MongoClient with metadata {"driver": {"name": "mongo-java-driver|reactive-streams|spring-boot", "version": "5.2.1"}, "os": {"type": "Windows", "name": "Windows 10", "architecture": "amd64", "version": "10.0"}, "platform": "Java/Oracle Corporation/17.0.12+8-LTS-286"} created with settings MongoClientSettings{readPreference=primary, writeConcern=WriteConcern{w=null, wTimeout=null ms, journal=null}, retryWrites=true, retryReads=true, readConcern=ReadConcern{level=null}, credential=null, transportSettings=NettyTransportSettings{eventLoopGroup=io.netty.channel.nio.NioEventLoopGroup@48455005, socketChannelClass=null, allocator=null, sslContext=null}, commandListeners=[io.micrometer.core.instrument.binder.mongodb.MongoMetricsCommandListener@223a679], codecRegistry=ProvidersCodecRegistry{codecProviders=[ValueCodecProvider{}, BsonValueCodecProvider{}, DBRefCodecProvider{}, DBObjectCodecProvider{}, DocumentCodecProvider{}, CollectionCodecProvider{}, IterableCodecProvider{}, MapCodecProvider{}, GeoJsonCodecProvider{}, GridFSFileCodecProvider{}, Jsr310CodecProvider{}, JsonObjectCodecProvider{}, BsonCodecProvider{}, EnumCodecProvider{}, com.mongodb.client.model.mql.ExpressionCodecProvider@6b00eaae, com.mongodb.Jep395RecordCodecProvider@480f1b59, com.mongodb.KotlinCodecProvider@2a28bf25]}, loggerSettings=LoggerSettings{maxDocumentLength=1000}, clusterSettings={hosts=[localhost:27017], srvServiceName=mongodb, mode=SINGLE, requiredClusterType=UNKNOWN, requiredReplicaSetName='null', serverSelector='null', clusterListeners='[]', serverSelectionTimeout='30000 ms', localThreshold='15 ms'}, socketSettings=SocketSettings{connectTimeoutMS=10000, readTimeoutMS=0, receiveBufferSize=0, proxySettings=ProxySettings{host=null, port=null, username=null, password=null}}, heartbeatSocketSettings=SocketSettings{connectTimeoutMS=10000, readTimeoutMS=10000, receiveBufferSize=0, proxySettings=ProxySettings{host=null, port=null, username=null, password=null}}, connectionPoolSettings=ConnectionPoolSettings{maxSize=100, minSize=0, maxWaitTimeMS=120000, maxConnectionLifeTimeMS=0, maxConnectionIdleTimeMS=0, maintenanceInitialDelayMS=0, maintenanceFrequencyMS=60000, connectionPoolListeners=[io.micrometer.core.instrument.binder.mongodb.MongoMetricsConnectionPoolListener@35a7c477], maxConnecting=2}, serverSettings=ServerSettings{heartbeatFrequencyMS=10000, minHeartbeatFrequencyMS=500, serverMonitoringMode=AUTO, serverListeners='[]', serverMonitorListeners='[]'}, sslSettings=SslSettings{enabled=false, invalidHostNameAllowed=false, context=null}, applicationName='null', compressorList=[], uuidRepresentation=JAVA_LEGACY, serverApi=null, autoEncryptionSettings=null, dnsClient=null, inetAddressResolver=null, contextProvider=null, timeoutMS=null} 
2025-04-17 00:17:24-133 [cluster-ClusterId{value='68008ee365350f44997c43ee', description='null'}-localhost:27017] INFO  org.mongodb.driver.cluster - Monitor thread successfully connected to server with description ServerDescription{address=localhost:27017, type=STANDALONE, cryptd=false, state=CONNECTED, ok=true, minWireVersion=0, maxWireVersion=25, maxDocumentSize=16777216, logicalSessionTimeoutMinutes=30, roundTripTimeNanos=163166499, minRoundTripTimeNanos=0} 
2025-04-17 00:17:25-718 [main] INFO  o.s.v.b.OptionalValidatorFactoryBean - Failed to set up a Bean Validation provider: jakarta.validation.NoProviderFoundException: Unable to create a Configuration, because no Jakarta Bean Validation provider could be found. Add a provider like Hibernate Validator (RI) to your classpath. 
2025-04-17 00:17:26-486 [main] INFO  o.s.b.a.e.web.EndpointLinksResolver - Exposing 2 endpoints beneath base path '/actuator' 
2025-04-17 00:17:27-361 [main] INFO  o.s.c.n.e.c.DiscoveryClientOptionalArgsConfiguration - Eureka HTTP Client uses RestTemplate. 
2025-04-17 00:17:27-451 [main] WARN  o.s.c.l.c.LoadBalancerCacheAutoConfiguration$LoadBalancerCaffeineWarnLogger - Spring Cloud LoadBalancer is currently working with the default cache. While this cache implementation is useful for development and tests, it's recommended to use Caffeine cache in production.You can switch to using Caffeine cache, by adding it and org.springframework.cache.caffeine.CaffeineCacheManager to the classpath. 
2025-04-17 00:17:27-565 [main] INFO  o.s.c.n.eureka.InstanceInfoFactory - Setting initial instance status as: STARTING 
2025-04-17 00:17:27-630 [main] INFO  c.netflix.discovery.DiscoveryClient - Initializing Eureka in region us-east-1 
2025-04-17 00:17:27-645 [main] INFO  c.n.d.s.r.aws.ConfigClusterResolver - Resolving eureka endpoints via configuration 
2025-04-17 00:17:27-673 [main] INFO  c.netflix.discovery.DiscoveryClient - Disable delta property : false 
2025-04-17 00:17:27-673 [main] INFO  c.netflix.discovery.DiscoveryClient - Single vip registry refresh property : null 
2025-04-17 00:17:27-673 [main] INFO  c.netflix.discovery.DiscoveryClient - Force full registry fetch : false 
2025-04-17 00:17:27-674 [main] INFO  c.netflix.discovery.DiscoveryClient - Application is null : false 
2025-04-17 00:17:27-674 [main] INFO  c.netflix.discovery.DiscoveryClient - Registered Applications size is zero : true 
2025-04-17 00:17:27-674 [main] INFO  c.netflix.discovery.DiscoveryClient - Application version is -1: true 
2025-04-17 00:17:27-674 [main] INFO  c.netflix.discovery.DiscoveryClient - Getting all instance registry info from the eureka server 
2025-04-17 00:17:28-200 [main] INFO  c.netflix.discovery.DiscoveryClient - The response status is 200 
2025-04-17 00:17:28-203 [main] INFO  c.netflix.discovery.DiscoveryClient - Starting heartbeat executor: renew interval is: 30 
2025-04-17 00:17:28-208 [main] INFO  c.n.discovery.InstanceInfoReplicator - InstanceInfoReplicator onDemand update allowed rate per min is 4 
2025-04-17 00:17:28-210 [main] INFO  c.netflix.discovery.DiscoveryClient - Discovery Client initialized at timestamp 1744867048210 with initial instances count: 1 
2025-04-17 00:17:28-217 [main] INFO  o.s.c.n.e.s.EurekaServiceRegistry - Registering application SERVICE-FINANCE with eureka with status UP 
2025-04-17 00:17:28-218 [main] INFO  c.netflix.discovery.DiscoveryClient - Saw local status change event StatusChangeEvent [timestamp=1744867048218, current=UP, previous=STARTING] 
2025-04-17 00:17:28-221 [DiscoveryClient-InstanceInfoReplicator-%d] INFO  c.netflix.discovery.DiscoveryClient - DiscoveryClient_SERVICE-FINANCE/service-finance:8686: registering service... 
2025-04-17 00:17:28-252 [main] INFO  c.b.s.f.e.ServiceFinanceDelegateImplTest - Started ServiceFinanceDelegateImplTest in 14.345 seconds (process running for 21.727) 
2025-04-17 00:17:28-311 [DiscoveryClient-InstanceInfoReplicator-%d] INFO  c.netflix.discovery.DiscoveryClient - DiscoveryClient_SERVICE-FINANCE/service-finance:8686 - registration status: 204 
2025-04-17 00:17:30-608 [main] INFO  c.b.s.f.s.impl.ResumeServiceImpl - Saving resume MonoJust 
2025-04-17 00:17:30-637 [main] INFO  c.b.s.f.s.impl.ResumeServiceImpl - Saved resume model {"productId":"11111111","customerId":"AAAAAAA","totalAmountInAccount":7000.0,"informDate":[2025,4,17]} 
2025-04-17 00:17:30-652 [main] INFO  c.b.s.f.s.impl.ResumeServiceImpl - Save resume success {"productId":"11111111","customerId":"AAAAAAA","totalAmountInAccount":7000.0,"informDate":[2025,4,17]} 
2025-04-17 00:17:30-683 [main] INFO  c.b.s.f.s.impl.ResumeServiceImpl - Saving resume MonoJust 
2025-04-17 00:17:30-691 [main] INFO  c.b.s.f.s.impl.ResumeServiceImpl - Saved resume model {"productId":"11111111","customerId":"AAAAAAA","totalAmountInAccount":7000.0,"informDate":[2025,4,17]} 
2025-04-17 00:17:30-698 [main] INFO  c.b.s.f.s.impl.ResumeServiceImpl - Save resume success {"productId":"11111111","customerId":"AAAAAAA","totalAmountInAccount":7000.0,"informDate":[2025,4,17]} 
2025-04-17 00:17:30-723 [main] INFO  o.s.t.c.s.AnnotationConfigContextLoaderUtils - Could not detect default configuration classes for test class [com.bootcamp.service.finance.ServiceFinanceApplicationTests]: ServiceFinanceApplicationTests does not declare any static, non-private, non-final, nested classes annotated with @Configuration. 
2025-04-17 00:17:30-757 [main] INFO  o.s.b.t.c.SpringBootTestContextBootstrapper - Found @SpringBootConfiguration com.bootcamp.service.finance.ServiceFinanceApplication for test class com.bootcamp.service.finance.ServiceFinanceApplicationTests 
2025-04-17 00:17:30-870 [SpringApplicationShutdownHook] INFO  o.s.c.n.e.s.EurekaServiceRegistry - Unregistering application SERVICE-FINANCE with eureka with status DOWN 
2025-04-17 00:17:30-872 [SpringApplicationShutdownHook] INFO  c.netflix.discovery.DiscoveryClient - Saw local status change event StatusChangeEvent [timestamp=1744867050872, current=DOWN, previous=UP] 
2025-04-17 00:17:30-873 [DiscoveryClient-InstanceInfoReplicator-%d] INFO  c.netflix.discovery.DiscoveryClient - DiscoveryClient_SERVICE-FINANCE/service-finance:8686: registering service... 
2025-04-17 00:17:30-894 [DiscoveryClient-InstanceInfoReplicator-%d] INFO  c.netflix.discovery.DiscoveryClient - DiscoveryClient_SERVICE-FINANCE/service-finance:8686 - registration status: 204 
2025-04-17 00:17:33-561 [SpringApplicationShutdownHook] INFO  c.netflix.discovery.DiscoveryClient - Shutting down DiscoveryClient ... 
2025-04-17 00:17:36-565 [SpringApplicationShutdownHook] INFO  c.netflix.discovery.DiscoveryClient - Unregistering ... 
2025-04-17 00:17:36-587 [SpringApplicationShutdownHook] INFO  c.netflix.discovery.DiscoveryClient - DiscoveryClient_SERVICE-FINANCE/service-finance:8686 - deregister  status: 200 
2025-04-17 00:17:36-588 [SpringApplicationShutdownHook] INFO  c.netflix.discovery.DiscoveryClient - Completed shut down of DiscoveryClient 
2025-04-17 00:23:29-715 [main] INFO  o.s.t.c.s.AnnotationConfigContextLoaderUtils - Could not detect default configuration classes for test class [com.bootcamp.service.finance.expose.ServiceFinanceDelegateImplTest]: ServiceFinanceDelegateImplTest does not declare any static, non-private, non-final, nested classes annotated with @Configuration. 
2025-04-17 00:23:30-007 [main] INFO  o.s.b.t.c.SpringBootTestContextBootstrapper - Found @SpringBootConfiguration com.bootcamp.service.finance.ServiceFinanceApplication for test class com.bootcamp.service.finance.expose.ServiceFinanceDelegateImplTest 
2025-04-17 00:23:33-678 [main] INFO  c.b.s.f.e.ServiceFinanceDelegateImplTest - Starting ServiceFinanceDelegateImplTest using Java 17.0.12 with PID 27712 (started by mgarcsar in C:\Users\mgarcsar\Documents\Bootcamp\etregables\service-finance) 
2025-04-17 00:23:33-680 [main] INFO  c.b.s.f.e.ServiceFinanceDelegateImplTest - The following 1 profile is active: "local" 
2025-04-17 00:23:33-736 [main] INFO  o.s.c.c.c.ConfigServerConfigDataLoader - Fetching config from server at : http://localhost:8888 
2025-04-17 00:23:33-736 [main] INFO  o.s.c.c.c.ConfigServerConfigDataLoader - Located environment: name=service-finance, profiles=[default], label=null, version=b4ade5f53a672be1cb6f37597b095c5c36269e00, state= 
2025-04-17 00:23:33-737 [main] INFO  o.s.c.c.c.ConfigServerConfigDataLoader - Fetching config from server at : http://localhost:8888 
2025-04-17 00:23:33-737 [main] INFO  o.s.c.c.c.ConfigServerConfigDataLoader - Located environment: name=service-finance, profiles=[local], label=null, version=b4ade5f53a672be1cb6f37597b095c5c36269e00, state= 
2025-04-17 00:23:35-399 [main] INFO  o.s.d.r.c.RepositoryConfigurationDelegate - Bootstrapping Spring Data Reactive MongoDB repositories in DEFAULT mode. 
2025-04-17 00:23:35-620 [main] INFO  o.s.d.r.c.RepositoryConfigurationDelegate - Finished Spring Data repository scanning in 203 ms. Found 1 Reactive MongoDB repository interface. 
2025-04-17 00:23:35-926 [main] INFO  o.s.cloud.context.scope.GenericScope - BeanFactory id=9d08ea38-e954-3802-816c-54e86e93276c 
2025-04-17 00:23:36-968 [main] INFO  org.mongodb.driver.client - MongoClient with metadata {"driver": {"name": "mongo-java-driver|reactive-streams|spring-boot", "version": "5.2.1"}, "os": {"type": "Windows", "name": "Windows 10", "architecture": "amd64", "version": "10.0"}, "platform": "Java/Oracle Corporation/17.0.12+8-LTS-286"} created with settings MongoClientSettings{readPreference=primary, writeConcern=WriteConcern{w=null, wTimeout=null ms, journal=null}, retryWrites=true, retryReads=true, readConcern=ReadConcern{level=null}, credential=null, transportSettings=NettyTransportSettings{eventLoopGroup=io.netty.channel.nio.NioEventLoopGroup@56499781, socketChannelClass=null, allocator=null, sslContext=null}, commandListeners=[io.micrometer.core.instrument.binder.mongodb.MongoMetricsCommandListener@43f99817], codecRegistry=ProvidersCodecRegistry{codecProviders=[ValueCodecProvider{}, BsonValueCodecProvider{}, DBRefCodecProvider{}, DBObjectCodecProvider{}, DocumentCodecProvider{}, CollectionCodecProvider{}, IterableCodecProvider{}, MapCodecProvider{}, GeoJsonCodecProvider{}, GridFSFileCodecProvider{}, Jsr310CodecProvider{}, JsonObjectCodecProvider{}, BsonCodecProvider{}, EnumCodecProvider{}, com.mongodb.client.model.mql.ExpressionCodecProvider@2a2798a2, com.mongodb.Jep395RecordCodecProvider@2b9ecd05, com.mongodb.KotlinCodecProvider@31f1b268]}, loggerSettings=LoggerSettings{maxDocumentLength=1000}, clusterSettings={hosts=[localhost:27017], srvServiceName=mongodb, mode=SINGLE, requiredClusterType=UNKNOWN, requiredReplicaSetName='null', serverSelector='null', clusterListeners='[]', serverSelectionTimeout='30000 ms', localThreshold='15 ms'}, socketSettings=SocketSettings{connectTimeoutMS=10000, readTimeoutMS=0, receiveBufferSize=0, proxySettings=ProxySettings{host=null, port=null, username=null, password=null}}, heartbeatSocketSettings=SocketSettings{connectTimeoutMS=10000, readTimeoutMS=10000, receiveBufferSize=0, proxySettings=ProxySettings{host=null, port=null, username=null, password=null}}, connectionPoolSettings=ConnectionPoolSettings{maxSize=100, minSize=0, maxWaitTimeMS=120000, maxConnectionLifeTimeMS=0, maxConnectionIdleTimeMS=0, maintenanceInitialDelayMS=0, maintenanceFrequencyMS=60000, connectionPoolListeners=[io.micrometer.core.instrument.binder.mongodb.MongoMetricsConnectionPoolListener@3ec7ad61], maxConnecting=2}, serverSettings=ServerSettings{heartbeatFrequencyMS=10000, minHeartbeatFrequencyMS=500, serverMonitoringMode=AUTO, serverListeners='[]', serverMonitorListeners='[]'}, sslSettings=SslSettings{enabled=false, invalidHostNameAllowed=false, context=null}, applicationName='null', compressorList=[], uuidRepresentation=JAVA_LEGACY, serverApi=null, autoEncryptionSettings=null, dnsClient=null, inetAddressResolver=null, contextProvider=null, timeoutMS=null} 
2025-04-17 00:23:37-208 [cluster-ClusterId{value='680090586436916a0296fa2a', description='null'}-localhost:27017] INFO  org.mongodb.driver.cluster - Monitor thread successfully connected to server with description ServerDescription{address=localhost:27017, type=STANDALONE, cryptd=false, state=CONNECTED, ok=true, minWireVersion=0, maxWireVersion=25, maxDocumentSize=16777216, logicalSessionTimeoutMinutes=30, roundTripTimeNanos=99664700, minRoundTripTimeNanos=0} 
2025-04-17 00:23:38-464 [main] INFO  o.s.v.b.OptionalValidatorFactoryBean - Failed to set up a Bean Validation provider: jakarta.validation.NoProviderFoundException: Unable to create a Configuration, because no Jakarta Bean Validation provider could be found. Add a provider like Hibernate Validator (RI) to your classpath. 
2025-04-17 00:23:39-642 [main] INFO  o.s.b.a.e.web.EndpointLinksResolver - Exposing 2 endpoints beneath base path '/actuator' 
2025-04-17 00:23:40-811 [main] INFO  o.s.c.n.e.c.DiscoveryClientOptionalArgsConfiguration - Eureka HTTP Client uses RestTemplate. 
2025-04-17 00:23:40-916 [main] WARN  o.s.c.l.c.LoadBalancerCacheAutoConfiguration$LoadBalancerCaffeineWarnLogger - Spring Cloud LoadBalancer is currently working with the default cache. While this cache implementation is useful for development and tests, it's recommended to use Caffeine cache in production.You can switch to using Caffeine cache, by adding it and org.springframework.cache.caffeine.CaffeineCacheManager to the classpath. 
2025-04-17 00:23:41-000 [main] INFO  o.s.c.n.eureka.InstanceInfoFactory - Setting initial instance status as: STARTING 
2025-04-17 00:23:41-050 [main] INFO  c.netflix.discovery.DiscoveryClient - Initializing Eureka in region us-east-1 
2025-04-17 00:23:41-062 [main] INFO  c.n.d.s.r.aws.ConfigClusterResolver - Resolving eureka endpoints via configuration 
2025-04-17 00:23:41-085 [main] INFO  c.netflix.discovery.DiscoveryClient - Disable delta property : false 
2025-04-17 00:23:41-085 [main] INFO  c.netflix.discovery.DiscoveryClient - Single vip registry refresh property : null 
2025-04-17 00:23:41-085 [main] INFO  c.netflix.discovery.DiscoveryClient - Force full registry fetch : false 
2025-04-17 00:23:41-085 [main] INFO  c.netflix.discovery.DiscoveryClient - Application is null : false 
2025-04-17 00:23:41-086 [main] INFO  c.netflix.discovery.DiscoveryClient - Registered Applications size is zero : true 
2025-04-17 00:23:41-086 [main] INFO  c.netflix.discovery.DiscoveryClient - Application version is -1: true 
2025-04-17 00:23:41-086 [main] INFO  c.netflix.discovery.DiscoveryClient - Getting all instance registry info from the eureka server 
2025-04-17 00:23:41-601 [main] INFO  c.netflix.discovery.DiscoveryClient - The response status is 200 
2025-04-17 00:23:41-604 [main] INFO  c.netflix.discovery.DiscoveryClient - Starting heartbeat executor: renew interval is: 30 
2025-04-17 00:23:41-608 [main] INFO  c.n.discovery.InstanceInfoReplicator - InstanceInfoReplicator onDemand update allowed rate per min is 4 
2025-04-17 00:23:41-610 [main] INFO  c.netflix.discovery.DiscoveryClient - Discovery Client initialized at timestamp 1744867421610 with initial instances count: 1 
2025-04-17 00:23:41-615 [main] INFO  o.s.c.n.e.s.EurekaServiceRegistry - Registering application SERVICE-FINANCE with eureka with status UP 
2025-04-17 00:23:41-616 [main] INFO  c.netflix.discovery.DiscoveryClient - Saw local status change event StatusChangeEvent [timestamp=1744867421616, current=UP, previous=STARTING] 
2025-04-17 00:23:41-619 [DiscoveryClient-InstanceInfoReplicator-%d] INFO  c.netflix.discovery.DiscoveryClient - DiscoveryClient_SERVICE-FINANCE/service-finance:8686: registering service... 
2025-04-17 00:23:41-651 [main] INFO  c.b.s.f.e.ServiceFinanceDelegateImplTest - Started ServiceFinanceDelegateImplTest in 11.088 seconds (process running for 13.941) 
2025-04-17 00:23:41-699 [DiscoveryClient-InstanceInfoReplicator-%d] INFO  c.netflix.discovery.DiscoveryClient - DiscoveryClient_SERVICE-FINANCE/service-finance:8686 - registration status: 204 
2025-04-17 00:23:42-893 [main] INFO  c.b.s.f.s.impl.ResumeServiceImpl - Getting all resumes by productId 1231312312312 between 2025-04-17, 2025-04-18 
2025-04-17 00:23:42-949 [SpringApplicationShutdownHook] INFO  o.s.c.n.e.s.EurekaServiceRegistry - Unregistering application SERVICE-FINANCE with eureka with status DOWN 
2025-04-17 00:23:42-949 [SpringApplicationShutdownHook] INFO  c.netflix.discovery.DiscoveryClient - Saw local status change event StatusChangeEvent [timestamp=1744867422949, current=DOWN, previous=UP] 
2025-04-17 00:23:42-950 [DiscoveryClient-InstanceInfoReplicator-%d] INFO  c.netflix.discovery.DiscoveryClient - DiscoveryClient_SERVICE-FINANCE/service-finance:8686: registering service... 
2025-04-17 00:23:42-958 [DiscoveryClient-InstanceInfoReplicator-%d] INFO  c.netflix.discovery.DiscoveryClient - DiscoveryClient_SERVICE-FINANCE/service-finance:8686 - registration status: 204 
